Note: Google Test filter = CPDFCreatorEmbedderTest.SavedDocsAreEqualAfterParse
[==========] Running 1 test from 1 test suite.
[----------] Global test environment set-up.
[----------] 1 test from CPDFCreatorEmbedderTest
[ RUN      ] CPDFCreatorEmbedderTest.SavedDocsAreEqualAfterParse
